============================================================================================
CLASSICAL CONTROL -- identical information, identical fixed parameters
============================================================================================
  h = 37.0607, k = 0.393747 (DS1 surface-only), fitted on DS2 surface
  R_eff              = 14.3009 mOhm
  surface RMSE       = 0.4652 K
  CORE RMSE          = 0.8943 K   max 2.7087 K
  gradient RMSE      = 0.4697 K
  core/surface ratio = 1.92

  Sensitivity of the core prediction to k (refitting R_eff at each k):
           k      Bi  R_eff mOhm  surf RMSE  CORE RMSE
      0.3000   1.594     14.4612     0.5433     1.8209
      0.3500   1.366     14.3648     0.4961     1.0998
      0.3937   1.214     14.3009     0.4652     0.8943
      0.4040   1.183     14.2880     0.4590     0.9027
      0.4500   1.062     14.2373     0.4355     1.0941
      0.5500   0.869     14.1568     0.4007     1.6983
  -> the surface fit barely moves while the core error swings widely.
     That is the whole identifiability problem in one table: k is an INPUT.

  Entropic-term sensitivity (Forgez et al. 2010, dU/dT = -0.5 mV/K at 50% SOC):
