====================================================================================================
G-1: IRREVERSIBLE / REVERSIBLE SEPARATION ON LCO, MULTI-RATE
====================================================================================================
  cells ['B0038', 'B0039', 'B0040'] at 44 C, currents [1.0, 2.0, 4.0] A
  C_lump = 45.49 J/K  (rho*cp = 2.75e6 (b), V_cell = 1.6540e-05 m^3)

  K from 60 relaxation tails = 0.05684 W/K (tau = 800 s); no source model involved

   I (A)  cycles   mean Q/I (V)
     1.0      81        0.16857
     2.0      18        0.20192
     4.0       6        0.34950

  Linear separation at each depth of discharge:
    Q/I = I*R(x) - T*dU/dT(x)   ->  slope = R,  intercept = -T dU/dT

       x   R (mOhm)  intercept V  dU/dT mV/K  fit RMSE V   rel %
   0.080      56.95      0.09436     -0.2975    0.005405    2.27
   0.120      55.28      0.09594     -0.3025    0.003703    1.57
   0.160      28.11      0.20888     -0.6586    0.016693    6.02
   0.200      71.26      0.04071     -0.1284    0.021496    9.50
   0.240     112.75     -0.10965      0.3457    0.013404    6.43
   0.280      83.82      0.00921     -0.0290    0.026595   11.49
   0.320      75.25      0.03944     -0.1244    0.024260   10.28
   0.360      78.30      0.03928     -0.1239    0.019839    8.15
   0.400      74.43      0.04559     -0.1438    0.015692    6.58
   0.440      70.70      0.05376     -0.1695    0.016910    7.15
   0.480      65.74      0.06233     -0.1965    0.016499    7.13
   0.520      64.56      0.07203     -0.2271    0.011265    4.75
   0.560      57.27      0.08391     -0.2646    0.014166    6.18
   0.600      57.17      0.09460     -0.2983    0.008852    3.70
   0.640      53.49      0.10973     -0.3460    0.010537    4.32
   0.680      50.36      0.13022     -0.4106    0.011576    4.53
   0.720      46.19      0.15385     -0.4851    0.008827    3.29
   0.760      48.32      0.16268     -0.5129    0.014180    5.02
   0.800      48.66      0.15626     -0.4927    0.009999    3.61
   0.840      58.88      0.14341     -0.4522    0.010293    3.54
   0.880      69.73      0.13247     -0.4177    0.009771    3.17
   0.920      57.92      0.18851     -0.5944    0.007588    2.29

====================================================================================================
  THE NUMBER THAT WAS NEVER REPORTED
====================================================================================================
    median fit RMSE           0.012490 V   (4.89 % of the fitted values)
    worst  fit RMSE           0.026595 V   (11.49 %)
    n currents = 3, so 3 points and 2 parameters: 1 dof per x

====================================================================================================
  DOES REMOVING THE REVERSIBLE TERM REMOVE THE INTERIOR MINIMUM?
====================================================================================================
    R(x) after separation: min at x = 0.160, 28.11 mOhm; ends 56.95 -> 57.92 mOhm
    interior minimum in the SEPARATED ohmic term? YES

    recovered dU/dT: -0.6586 to +0.3457 mV/K
    sign changes across x: 2
    magnitude vs published LCO scale (0.1-0.2 mV/K, Part 3 sec 4.3): median |dU/dT| = 0.3004 mV/K

====================================================================================================
  SENSITIVITY TO K (the only assumed constant)
====================================================================================================
   K factor  median R mOhm   median dU/dT mV/K
       0.70          62.09             -0.1628
       0.85          59.57             -0.2315
       1.00          58.40             -0.2979
       1.15          61.02             -0.3584
       1.30          61.11             -0.4156

  As argued in the header: K error loads onto the SLOPE, leaving the
  intercept -- the reversible term -- comparatively stable.

  saved results/g1_separation.npz
