====================================================================================================
AUDIT 1 — fit quality per record
====================================================================================================
       C   rise K  tailRMSE  tau_cool       h  R_eff mOhm  surfRMSE  flag
    0.05     2.39    0.0282       713   22.33     1000.00    0.2314  R_eff RAILED; surface fit >5% of rise
    1.00     1.98    0.0300       537   29.67       14.76    0.3381  surface fit >5% of rise
    2.00     5.22    0.0576       489   32.54       23.95    0.4400  surface fit >5% of rise
    3.00     6.59    0.1641       556   28.65       15.58    0.4091  surface fit >5% of rise
    5.00    11.19    0.0747       404   39.37       14.29    0.8431  surface fit >5% of rise
   10.00    19.08    0.1456       404   39.42       11.03    1.0750  surface fit >5% of rise
   15.00    25.78    0.2155       404   39.40        9.41    1.3650  surface fit >5% of rise
   20.00    34.96    0.2202       466   34.18        9.15    1.6251  ok

  fully clean rates: [20.0]
  h over the high-signal records (>=5C): [np.float64(39.37), np.float64(39.42), np.float64(39.4), np.float64(34.18)]

====================================================================================================
AUDIT 2 — the same trend at a FIXED Bi (h removed from the comparison)
====================================================================================================
  Bi = 1.2142 for every record (Part 7 value), so nothing below
  can be an artefact of the per-record h fit.

       C  t_dis s   t/tau  QS err (fitted h)  QS err (fixed Bi)
    0.05    74047   72.82              0.31%              0.40%
    1.00     3668    3.61              1.91%              2.07%
    2.00     1819    1.79              3.36%              3.45%
    3.00     1205    1.19              5.70%              5.65%
    5.00      724    0.71             10.61%             10.63%
   10.00      360    0.35             25.82%             25.89%
   15.00      238    0.23             42.83%             42.86%
   20.00      173    0.17             63.01%             62.75%

====================================================================================================
AUDIT 3 — sensitivity of the quasi-steady error to the source amplitude
====================================================================================================
       C   @0.7 R_eff   @1.0 R_eff   @1.3 R_eff   spread
    0.05        0.31%        0.31%        0.31%   0.000%
    1.00        1.91%        1.91%        1.91%   0.005%
    2.00        3.32%        3.36%        3.40%   0.082%
    3.00        5.69%        5.70%        5.70%   0.016%
    5.00       10.61%       10.61%       10.60%   0.008%
   10.00       25.87%       25.82%       25.83%   0.042%
   15.00       42.79%       42.83%       42.85%   0.063%
   20.00       63.06%       63.01%       62.99%   0.066%

  Near-identical columns mean the quasi-steady error is set by the
  timescale and the geometry, not by how well the source was fitted.

  saved results/mr_audit.npz
